  SYNC    include/config/auto.conf
  UPD     arch/x86/include/generated/asm/cpufeaturemasks.h
  HOSTCC  arch/x86/tools/relocs_32.o
  HOSTCC  arch/x86/tools/relocs_64.o
  HOSTCC  arch/x86/tools/relocs_common.o
  HOSTCC  arch/x86/tools/vdso2c
  HOSTCC  scripts/sorttable.o
  DESCEND objtool
  HOSTCC  scripts/elf-parse.o
  HOSTLD  scripts/sorttable
  HOSTLD  arch/x86/tools/relocs
  CC      scripts/mod/empty.o
  HOSTCC  scripts/mod/mk_elfconfig
  CC      scripts/mod/devicetable-offsets.s
  MKELF   scripts/mod/elfconfig.h
  HOSTCC  scripts/mod/modpost.o
  HOSTCC  scripts/mod/file2alias.o
  HOSTCC  scripts/mod/sumversion.o
  HOSTCC  scripts/mod/symsearch.o
  HOSTLD  scripts/mod/modpost
  CC      kernel/bounds.s
  UPD     include/generated/timeconst.h
  UPD     include/generated/bounds.h
  CC      arch/x86/kernel/asm-offsets.s
  UPD     include/generated/asm-offsets.h
  CC      kernel/sched/rq-offsets.s
  UPD     include/generated/rq-offsets.h
  CALL    scripts/checksyscalls.sh 
  LDS     scripts/module.lds
  HOSTCC  usr/gen_init_cpio
  AR      certs/built-in.a
  AS      arch/x86/boot/startup/la57toggle.o
  AS      arch/x86/entry/entry.o
  CC      init/main.o
  CC      arch/x86/events/core.o
  CC      arch/x86/boot/startup/gdt_idt.o
  AS      arch/x86/entry/entry_64.o
  CC      arch/x86/entry/syscall_64.o
  CC      kernel/fork.o
  CC      fs/open.o
  CC      mm/filemap.o
  CC      arch/x86/boot/startup/map_kernel.o
  AR      arch/x86/boot/startup/lib.a
  OBJCOPY arch/x86/boot/startup/gdt_idt.pi.o
  OBJCOPY arch/x86/boot/startup/map_kernel.pi.o
  AR      arch/x86/boot/startup/built-in.a
  CC      arch/x86/realmode/init.o
  CC      arch/x86/entry/common.o
  UPD     init/utsversion-tmp.h
  CC      init/do_mounts.o
  GEN     usr/initramfs_data.cpio
  COPY    usr/initramfs_inc_data
  AS      usr/initramfs_data.o
  CC      fs/read_write.o
  AR      usr/built-in.a
  CC      fs/file_table.o
  AS      arch/x86/realmode/rm/header.o
  AS      arch/x86/realmode/rm/trampoline_64.o
  AS      arch/x86/realmode/rm/stack.o
  AS      arch/x86/realmode/rm/reboot.o
  PASYMS  arch/x86/realmode/rm/pasyms.h
  LDS     arch/x86/realmode/rm/realmode.lds
  LD      arch/x86/realmode/rm/realmode.elf
  RELOCS  arch/x86/realmode/rm/realmode.relocs
  OBJCOPY arch/x86/realmode/rm/realmode.bin
  AS      arch/x86/realmode/rmpiggy.o
  AR      arch/x86/realmode/built-in.a
  CC      kernel/exec_domain.o
  CC      arch/x86/events/probe.o
  CC      arch/x86/entry/vdso/vma.o
  CC      mm/mempool.o
  CC      arch/x86/events/utils.o
  CC      init/do_mounts_rd.o
  CC      mm/oom_kill.o
  CC      kernel/exec_state.o
  AR      ipc/built-in.a
  CC      arch/x86/entry/vdso/extable.o
  CC      security/commoncap.o
  CC      kernel/panic.o
  CC      fs/super.o
  CC      arch/x86/events/rapl.o
  AS      arch/x86/kernel/head_64.o
  CC      arch/x86/kernel/head64.o
  CC      init/do_mounts_initrd.o
  CC      mm/fadvise.o
  LDS     arch/x86/entry/vdso/vdso64/vdso64.lds
  AS      arch/x86/entry/vdso/vdso64/note.o
  CC      arch/x86/kernel/ebda.o
  CC      arch/x86/entry/vdso/vdso64/vclock_gettime.o
  CC      kernel/cpu.o
  CC      security/min_addr.o
  CC      init/initramfs.o
  CC      arch/x86/events/amd/core.o
  CC      arch/x86/kernel/platform-quirks.o
  CC      arch/x86/entry/vdso/vdso64/vgetcpu.o
  CC      fs/char_dev.o
  CC      arch/x86/entry/vdso/vdso64/vgetrandom.o
  AR      security/built-in.a
  CC      mm/maccess.o
  AR      crypto/built-in.a
  AS      arch/x86/entry/vdso/vdso64/vgetrandom-chacha.o
  VDSO    arch/x86/entry/vdso/vdso64/vdso64.so.dbg
  CC      block/bdev.o
  OBJCOPY arch/x86/entry/vdso/vdso64/vdso64.so
  VDSO2C  arch/x86/entry/vdso/vdso64/vdso64-image.c
  CC      arch/x86/entry/vdso/vdso64/vdso64-image.o
  CC      arch/x86/kernel/process_64.o
  AR      arch/x86/entry/vdso/vdso64/built-in.a
  AR      arch/x86/entry/vdso/built-in.a
  CC      arch/x86/entry/vsyscall/vsyscall_64.o
  CC      init/calibrate.o
  CC      fs/stat.o
  CC      arch/x86/events/amd/lbr.o
  CC      mm/page-writeback.o
  CC      kernel/exit.o
  CC      init/init_task.o
  CC      arch/x86/kernel/signal.o
  CC      block/fops.o
  AS      arch/x86/entry/vsyscall/vsyscall_emu_64.o
  AR      arch/x86/entry/vsyscall/built-in.a
  AS      arch/x86/entry/thunk.o
  AR      arch/x86/entry/built-in.a
  CC      mm/folio-compat.o
  CC      init/version.o
  CC      arch/x86/events/amd/ibs.o
  CC      fs/exec.o
  CC      arch/x86/kernel/signal_64.o
  AR      init/built-in.a
  CC      kernel/softirq.o
  CC      arch/x86/events/msr.o
  CC      mm/readahead.o
  CC      block/bio.o
  CC      arch/x86/events/intel/core.o
  CC      arch/x86/kernel/traps.o
  CC      arch/x86/events/zhaoxin/core.o
  CC      kernel/resource.o
  AR      arch/x86/events/amd/built-in.a
  CC      arch/x86/mm/init.o
  CC      fs/pipe.o
  CC      mm/swap.o
  CC      block/elevator.o
  AR      arch/x86/events/zhaoxin/built-in.a
  CC      lib/argv_split.o
  CC      arch/x86/kernel/idt.o
  CC      arch/x86/mm/init_64.o
  CC      kernel/sysctl.o
  CC      lib/buildid.o
  CC      fs/namei.o
  CC      mm/truncate.o
  CC      block/blk-core.o
  CC      arch/x86/kernel/irq.o
  CC      lib/cmdline.o
  CC      lib/cpumask.o
  CC      kernel/capability.o
  CC      arch/x86/mm/fault.o
  CC      mm/vmscan.o
  CC      lib/ctype.o
  CC      arch/x86/kernel/irq_64.o
  CC      lib/dec_and_lock.o
  CC      lib/decompress.o
  CC      block/blk-sysfs.o
  CC      lib/decompress_bunzip2.o
  CC      arch/x86/events/intel/bts.o
  CC      kernel/ptrace.o
  CC      arch/x86/kernel/dumpstack_64.o
  CC      arch/x86/mm/ioremap.o
  CC      lib/decompress_inflate.o
  CC      arch/x86/kernel/time.o
  CC      block/blk-flush.o
  CC      kernel/user.o
  CC      arch/x86/events/intel/ds.o
  CC      mm/shrinker.o
  CC      lib/decompress_unlz4.o
  CC      arch/x86/kernel/ioport.o
  CC      arch/x86/mm/extable.o
  CC      fs/fcntl.o
  CC      kernel/signal.o
  CC      lib/decompress_unlzma.o
  CC      block/blk-settings.o
  CC      mm/shmem.o
  CC      arch/x86/kernel/dumpstack.o
  CC      arch/x86/mm/mmap.o
  CC      lib/decompress_unlzo.o
  CC      fs/ioctl.o
  CC      mm/util.o
  CC      block/blk-ioc.o
  CC      arch/x86/kernel/nmi.o
  CC      arch/x86/mm/pgtable.o
  CC      lib/decompress_unxz.o
  CC      arch/x86/events/intel/knc.o
  CC      lib/decompress_unzstd.o
  CC      fs/readdir.o
  CC      block/blk-map.o
  AS      arch/x86/kernel/ibt_selftest.o
  CC      arch/x86/kernel/setup.o
  CC      kernel/sys.o
  CC      mm/mmzone.o
  CC      lib/earlycpio.o
  CC      arch/x86/mm/physaddr.o
  CC      arch/x86/events/intel/lbr.o
  CC      lib/extable.o
  CC      block/blk-merge.o
  CC      fs/select.o
  CC      mm/vmstat.o
  CC      lib/flex_proportions.o
  CC      arch/x86/mm/tlb.o
  CC      arch/x86/kernel/x86_init.o
  CC      lib/idr.o
  CC      kernel/umh.o
  CC      lib/iomem_copy.o
  CC      arch/x86/events/intel/p4.o
  CC      arch/x86/kernel/i8259.o
  CC      lib/irq_regs.o
  CC      block/blk-timeout.o
  CC      mm/backing-dev.o
  CC      arch/x86/mm/cpu_entry_area.o
  CC      lib/is_single_threaded.o
  CC      fs/dcache.o
  CC      kernel/workqueue.o
  CC      lib/klist.o
  CC      arch/x86/kernel/irqinit.o
  CC      block/blk-lib.o
  CC      arch/x86/mm/maccess.o
  CC      lib/kobject.o
  CC      arch/x86/events/intel/p6.o
  CC      mm/mm_init.o
  CC      arch/x86/mm/pgprot.o
  CC      block/blk-mq.o
  CC      arch/x86/kernel/irq_work.o
  CC      lib/kobject_uevent.o
  CC      arch/x86/mm/pat/set_memory.o
  CC      arch/x86/events/intel/pt.o
  CC      fs/inode.o
  CC      arch/x86/kernel/probe_roms.o
  CC      mm/percpu.o
  CC      lib/logic_pio.o
  CC      arch/x86/kernel/sys_x86_64.o
  CC      arch/x86/events/intel/uncore.o
  CC      kernel/pid.o
  CC      arch/x86/mm/pat/memtype.o
  CC      lib/maple_tree.o
  CC      arch/x86/kernel/ksysfs.o
  CC      fs/attr.o
  AR      arch/x86/mm/pat/built-in.a
  CC      arch/x86/mm/pkeys.o
  CC      mm/slab_common.o
  CC      kernel/task_work.o
  CC      block/blk-mq-tag.o
  CC      fs/bad_inode.o
  CC      arch/x86/kernel/bootflag.o
  CC      arch/x86/mm/kaslr.o
  CC      arch/x86/events/intel/uncore_nhmex.o
  CC      fs/file.o
  CC      arch/x86/kernel/e820.o
  CC      mm/compaction.o
  CC      kernel/extable.o
  CC      block/blk-mq-dma.o
  AR      arch/x86/mm/built-in.a
  CC      kernel/params.o
  CC      lib/memcat_p.o
  CC      arch/x86/events/intel/uncore_snb.o
  CC      mm/show_mem.o
  CC      lib/nmi_backtrace.o
  CC      block/blk-stat.o
  CC      arch/x86/kernel/pci-dma.o
  CC      block/blk-mq-sysfs.o
  CC      kernel/kthread.o
  CC      fs/filesystems.o
  CC      lib/objpool.o
  CC      mm/interval_tree.o
  CC      block/blk-mq-cpumap.o
  CC      arch/x86/kernel/quirks.o
  CC      arch/x86/events/intel/uncore_snbep.o
  AS      arch/x86/lib/bhi.o
  AS      arch/x86/lib/clear_page_64.o
  CC      arch/x86/lib/cmdline.o
  AS      arch/x86/lib/cmpxchg16b_emu.o
  CC      lib/plist.o
  CC      arch/x86/lib/copy_mc.o
  CC      lib/radix-tree.o
  CC      fs/namespace.o
  AS      arch/x86/lib/copy_mc_64.o
  CC      block/blk-mq-sched.o
  AS      arch/x86/lib/copy_page_64.o
  CC      kernel/sys_ni.o
  AS      arch/x86/lib/copy_user_64.o
  CC      arch/x86/kernel/kdebugfs.o
  AS      arch/x86/lib/copy_user_uncached_64.o
  CC      mm/list_lru.o
  CC      arch/x86/lib/cpu.o
  CC      kernel/nsproxy.o
  AS      arch/x86/lib/csum-copy_64.o
  CC      arch/x86/kernel/alternative.o
  CC      arch/x86/lib/csum-partial_64.o
  CC      arch/x86/lib/csum-wrappers_64.o
  CC      lib/ratelimit.o
  CC      mm/workingset.o
  CC      lib/rbtree.o
  CC      arch/x86/lib/delay.o
  CC      block/ioctl.o
  CC      arch/x86/events/intel/uncore_discovery.o
  CC      kernel/nstree.o
  AS      arch/x86/lib/getuser.o
  CC      lib/seq_buf.o
  CC      arch/x86/lib/inat.o
  CC      arch/x86/lib/insn-eval.o
  CC      arch/x86/kernel/i8253.o
  CC      mm/debug.o
  CC      lib/siphash.o
  CC      block/genhd.o
  CC      arch/x86/kernel/hw_breakpoint.o
  CC      kernel/nscommon.o
  CC      arch/x86/events/intel/cstate.o
  CC      arch/x86/lib/insn.o
  CC      mm/gup.o
  CC      lib/string.o
  CC      arch/x86/lib/kaslr.o
  CC      kernel/notifier.o
  CC      fs/seq_file.o
  CC      lib/sys_info.o
  AS      arch/x86/lib/memcpy_64.o
  AS      arch/x86/lib/memmove_64.o
  AS      arch/x86/lib/memset_64.o
  CC      arch/x86/lib/misc.o
  CC      arch/x86/lib/pc-conf-reg.o
  CC      arch/x86/kernel/tsc.o
  AR      arch/x86/events/intel/built-in.a
  AR      arch/x86/events/built-in.a
  AS      arch/x86/lib/putuser.o
  CC      block/ioprio.o
  CC      arch/x86/lib/usercopy.o
  CC      arch/x86/platform/efi/memmap.o
  CC      lib/timerqueue.o
  CC      kernel/ksysfs.o
  CC      arch/x86/lib/usercopy_64.o
  CC      fs/xattr.o
  CC      lib/vsprintf.o
  CC      block/badblocks.o
  CC      kernel/cred.o
  CC      arch/x86/platform/efi/quirks.o
  CC      arch/x86/kernel/tsc_msr.o
  CC      arch/x86/lib/msr-smp.o
  CC      mm/mmap_lock.o
  CC      arch/x86/lib/cache-smp.o
  CC      arch/x86/kernel/io_delay.o
  CC      arch/x86/lib/msr.o
  CC      block/partitions/core.o
  CC      arch/x86/platform/efi/efi.o
  CC      arch/x86/kernel/rtc.o
  CC      kernel/reboot.o
  AS      arch/x86/lib/msr-reg.o
  CC      arch/x86/lib/msr-reg-export.o
  CC      mm/vma_init.o
  CC      fs/libfs.o
  AS      arch/x86/lib/hweight.o
  CC      arch/x86/lib/iomem.o
  CC      arch/x86/kernel/resource.o
  CC      block/partitions/msdos.o
  AR      arch/x86/lib/lib.a
  AR      arch/x86/lib/built-in.a
  CC      lib/win_minmax.o
  CC      arch/x86/platform/efi/efi_64.o
  AS      arch/x86/platform/efi/efi_stub_64.o
  AS      arch/x86/kernel/irqflags.o
  CC      arch/x86/kernel/static_call.o
  CC      fs/fs-writeback.o
  CC      kernel/async.o
  CC      mm/highmem.o
  CC      lib/xarray.o
  CC      arch/x86/kernel/process.o
  CC      block/partitions/efi.o
  CC      kernel/range.o
  CC      kernel/smpboot.o
  CC      arch/x86/kernel/fpu/init.o
  CC      mm/memory.o
  AR      arch/x86/platform/efi/built-in.a
  AR      arch/x86/platform/intel/built-in.a
  AR      arch/x86/platform/built-in.a
  CC      lib/lockref.o
  CC      fs/pnode.o
  CC      arch/x86/kernel/fpu/bugs.o
  CC      arch/x86/virt/svm/cmdline.o
  CC      kernel/ucount.o
  CC      arch/x86/kernel/fpu/core.o
  AR      arch/x86/virt/svm/built-in.a
  CC      lib/bcd.o
  AR      arch/x86/virt/built-in.a
  AR      block/partitions/built-in.a
  CC      lib/sort.o
  CC      mm/mincore.o
  CC      block/blk-rq-qos.o
  CC      lib/parser.o
  CC      arch/x86/kernel/ptrace.o
  CC      kernel/regset.o
  CC      fs/splice.o
  CC      lib/debug_locks.o
  CC      kernel/ksyms_common.o
  CC      block/disk-events.o
  CC      arch/x86/kernel/fpu/regset.o
  CC      lib/random32.o
  CC      lib/bust_spinlocks.o
  CC      arch/x86/kernel/step.o
  AR      drivers/irqchip/built-in.a
  CC      lib/kasprintf.o
  AR      drivers/leds/built-in.a
  CC      arch/x86/kernel/fpu/signal.o
  CC      kernel/sched/core.o
  CC      drivers/pci/access.o
  CC      block/blk-ia-ranges.o
  CC      lib/bitmap.o
  CC      arch/x86/kernel/i8237.o
  CC      fs/sync.o
  CC      mm/mlock.o
  CC      block/early-lookup.o
  CC      arch/x86/kernel/fpu/xstate.o
  CC      drivers/pci/bus.o
  CC      lib/scatterlist.o
  CC      mm/mmap.o
  CC      fs/utimes.o
  CC      block/mq-deadline.o
  CC      drivers/pci/probe.o
  AR      arch/x86/kernel/fpu/built-in.a
  CC      arch/x86/kernel/stacktrace.o
  CC      mm/mmu_gather.o
  CC      lib/list_sort.o
  CC      lib/uuid.o
  CC      fs/d_path.o
  CC      lib/iov_iter.o
  CC      block/kyber-iosched.o
  CC      arch/x86/kernel/cpu/cacheinfo.o
  CC      kernel/locking/mutex.o
  CC      kernel/sched/fair.o
  CC      mm/mprotect.o
  CC      fs/stack.o
  CC      drivers/pci/host-bridge.o
  CC      kernel/locking/semaphore.o
  CC      arch/x86/kernel/cpu/scattered.o
  AR      block/built-in.a
  AR      sound/built-in.a
  CC      drivers/video/aperture.o
  CC      fs/fs_struct.o
  CC      drivers/pci/remove.o
  CC      arch/x86/kernel/cpu/topology_common.o
  CC      kernel/locking/rwsem.o
  CC      mm/mremap.o
  CC      lib/clz_ctz.o
  CC      lib/bsearch.o
  CC      drivers/video/screen_info_generic.o
  CC      drivers/pci/pci.o
  CC      arch/x86/kernel/cpu/topology_ext.o
  CC      fs/statfs.o
  CC      drivers/video/screen_info_pci.o
  CC      kernel/locking/percpu-rwsem.o
  CC      lib/find_bit.o
  CC      arch/x86/kernel/cpu/topology_amd.o
  CC      lib/llist.o
  CC      arch/x86/kernel/cpu/cpuid_parser.o
  CC      kernel/locking/spinlock.o
  CC      fs/fs_pin.o
  CC      lib/lwq.o
  CC      drivers/video/cmdline.o
  CC      arch/x86/kernel/cpu/common.o
  CC      mm/msync.o
  CC      lib/memweight.o
  CC      kernel/locking/osq_lock.o
  CC      lib/kfifo.o
  CC      kernel/sched/build_policy.o
  CC      fs/nsfs.o
  CC      kernel/locking/qspinlock.o
  CC      drivers/video/nomodeset.o
  CC      mm/page_vma_mapped.o
  CC      kernel/locking/qrwlock.o
  CC      lib/percpu-refcount.o
  CC      drivers/video/console/dummycon.o
  AR      kernel/locking/built-in.a
  CC      kernel/power/qos.o
  CC      mm/pagewalk.o
  CC      fs/fs_dirent.o
  CC      drivers/pci/pci-driver.o
  CC      arch/x86/kernel/cpu/rdrand.o
  CC      arch/x86/kernel/cpu/match.o
  CC      fs/fs_context.o
  CC      lib/rhashtable.o
  CC      drivers/video/console/vgacon.o
  CC      arch/x86/kernel/cpu/bugs.o
  AR      kernel/power/built-in.a
  CC      arch/x86/kernel/acpi/boot.o
  CC      mm/pgtable-generic.o
  CC      fs/fs_parser.o
  CC      drivers/pci/search.o
  AR      drivers/video/console/built-in.a
  AR      drivers/video/backlight/built-in.a
  CC      drivers/video/fbdev/core/fb_notify.o
  CC      lib/base64.o
  CC      lib/once.o
  CC      mm/rmap.o
  CC      drivers/video/fbdev/core/fb_info.o
  CC      drivers/pci/rebar.o
  CC      arch/x86/kernel/acpi/apei.o
  CC      fs/fsopen.o
  CC      lib/refcount.o
  CC      lib/rcuref.o
  CC      arch/x86/kernel/cpu/aperfmperf.o
  CC      lib/usercopy.o
  CC      drivers/pci/rom.o
  CC      kernel/sched/build_utility.o
  CC      arch/x86/kernel/acpi/cppc.o
  CC      drivers/video/fbdev/core/fbmem.o
  CC      lib/errseq.o
  CC      arch/x86/kernel/cpu/cpuid-deps.o
  CC      fs/init.o
  CC      lib/bucket_locks.o
  CC      drivers/pci/setup-res.o
  CC      mm/vmalloc.o
  CC      arch/x86/kernel/cpu/cpuid_0x2_table.o
  CC      arch/x86/kernel/acpi/madt_wakeup.o
  CC      drivers/video/fbdev/core/fbcmap.o
  CC      lib/generic-radix-tree.o
  CC      arch/x86/kernel/cpu/umwait.o
  CC      fs/kernel_read_file.o
  CC      drivers/pci/irq.o
  AS      arch/x86/kernel/acpi/madt_playdead.o
  CC      arch/x86/kernel/acpi/cstate.o
  CC      lib/bitmap-str.o
  CC      drivers/video/fbdev/core/modedb.o
  CC      arch/x86/kernel/cpu/capflags.o
  CC      arch/x86/kernel/cpu/powerflags.o
  CC      arch/x86/kernel/cpu/topology.o
  AR      arch/x86/kernel/acpi/built-in.a
  CC      kernel/printk/printk.o
  CC      drivers/pci/vpd.o
  CC      fs/mnt_idmapping.o
  CC      lib/string_helpers.o
  CC      drivers/video/fbdev/core/fbcvt.o
  CC      arch/x86/kernel/cpu/proc.o
  CC      fs/remap_range.o
  AR      kernel/sched/built-in.a
  CC      kernel/irq/irqdesc.o
  CC      drivers/pci/setup-bus.o
  CC      lib/hexdump.o
  AR      kernel/printk/built-in.a
  CC      net/devres.o
  CC      drivers/video/fbdev/core/fb_cmdline.o
  CC      arch/x86/kernel/cpu/feat_ctl.o
  CC      lib/kstrtox.o
  CC      mm/vma.o
  CC      arch/x86/kernel/cpu/intel.o
  CC      fs/pidfs.o
  CC      kernel/irq/handle.o
  CC      lib/math/div64.o
  CC      drivers/video/fbdev/core/fb_backlight.o
  CC      net/socket.o
  CC      lib/math/gcd.o
  CC      lib/math/lcm.o
  CC      lib/math/int_log.o
  CC      lib/math/int_pow.o
  CC      lib/math/int_sqrt.o
  CC      kernel/irq/manage.o
  CC      arch/x86/kernel/cpu/tsx.o
  CC      lib/math/reciprocal_div.o
  CC      drivers/pci/vc.o
  CC      lib/math/rational.o
  CC      drivers/video/fbdev/core/fbmon.o
  CC      arch/x86/kernel/cpu/amd.o
  AR      lib/math/built-in.a
  CC      lib/crc/crc16.o
  CC      fs/file_attr.o
  CC      drivers/pci/mmap.o
  CC      drivers/video/fbdev/core/fb_chrdev.o
  CC      mm/vma_exec.o
  HOSTCC  lib/crc/gen_crc32table
  CC      kernel/irq/spurious.o
  CC      arch/x86/kernel/cpu/amd_cache_disable.o
  CC      drivers/pci/devres.o
  CC      fs/fserror.o
  CC      drivers/video/fbdev/core/fb_procfs.o
  CC      kernel/irq/resend.o
  CC      mm/mseal.o
  GEN     lib/crc/crc32table.h
  CC      lib/crc/crc32-main.o
  CC      net/core/sock.o
  CC      arch/x86/kernel/cpu/hygon.o
  CC      fs/nullfs.o
  CC      kernel/irq/chip.o
  CC      drivers/pci/msi/pcidev_msi.o
  CC      drivers/video/fbdev/core/fbsysfs.o
  AR      lib/crc/built-in.a
  CC      lib/crypto/blake2s.o
  CC      mm/page_alloc.o
  CC      arch/x86/kernel/cpu/centaur.o
  CC      drivers/pci/msi/api.o
  CC      fs/buffer.o
  CC      drivers/video/fbdev/core/fbcon.o
  AS      lib/crypto/x86/blake2s-core.o
  CC      lib/crypto/chacha-block-generic.o
  CC      arch/x86/kernel/cpu/zhaoxin.o
  CC      kernel/irq/dummychip.o
  CC      lib/crypto/sha1.o
  CC      arch/x86/kernel/cpu/microcode/core.o
  CC      drivers/pci/msi/msi.o
  CC      kernel/irq/devres.o
  AS      lib/crypto/x86/sha1-ssse3-and-avx.o
  AS      lib/crypto/x86/sha1-avx2-asm.o
  AS      lib/crypto/x86/sha1-ni-asm.o
  CC      lib/crypto/sha256.o
  CC      arch/x86/kernel/cpu/microcode/intel.o
  CC      kernel/irq/kexec.o
  CC      drivers/pci/msi/irqdomain.o
  AS      lib/crypto/x86/sha256-ssse3-asm.o
  AS      lib/crypto/x86/sha256-avx-asm.o
  AS      lib/crypto/x86/sha256-avx2-asm.o
  AS      lib/crypto/x86/sha256-ni-asm.o
  AR      lib/crypto/built-in.a
  CC      lib/vdso/datastore.o
  CC      arch/x86/kernel/cpu/microcode/amd.o
  CC      kernel/irq/autoprobe.o
  CC      net/core/skbuff.o
  CC      drivers/video/fbdev/core/bitblit.o
  CC      fs/mpage.o
  CC      mm/page_frag_cache.o
  AR      lib/vdso/built-in.a
  CC      lib/iomap.o
  CC      kernel/irq/irqdomain.o
  AR      drivers/pci/msi/built-in.a
  CC      drivers/pci/pcie/aspm.o
  AR      arch/x86/kernel/cpu/microcode/built-in.a
  CC      arch/x86/kernel/cpu/perfctr-watchdog.o
  CC      mm/init-mm.o
  CC      drivers/video/fbdev/core/softcursor.o
  CC      lib/iomap_copy.o
  CC      fs/proc_namespace.o
  CC      lib/devres.o
  CC      mm/memblock.o
  AR      drivers/video/fbdev/core/built-in.a
  AR      arch/x86/kernel/cpu/built-in.a
  CC      arch/x86/kernel/reboot.o
  CC      kernel/irq/proc.o
  AR      drivers/pci/pcie/built-in.a
  CC      lib/bitrev.o
  AR      drivers/video/fbdev/built-in.a
  CC      drivers/pci/proc.o
  AR      drivers/video/built-in.a
  AR      fs/notify/dnotify/built-in.a
  AR      fs/notify/inotify/built-in.a
  AR      fs/notify/built-in.a
  CC      fs/anon_inodes.o
  CC      lib/xxhash.o
  CC      kernel/rcu/update.o
  CC      kernel/irq/migration.o
  CC      fs/mbcache.o
  CC      lib/zlib_inflate/inffast.o
  CC      arch/x86/kernel/early-quirks.o
  CC      drivers/pci/pci-sysfs.o
  CC      mm/slub.o
  CC      lib/zlib_inflate/inflate.o
  CC      kernel/rcu/sync.o
  CC      kernel/irq/cpuhotplug.o
  CC      kernel/rcu/srcutree.o
  CC      fs/drop_caches.o
  CC      lib/zlib_inflate/infutil.o
  CC      arch/x86/kernel/smp.o
  CC      kernel/irq/msi.o
  CC      lib/zlib_inflate/inftrees.o
  CC      lib/zlib_inflate/inflate_syms.o
  CC      fs/sysctls.o
  CC      drivers/pci/slot.o
  CC      fs/iomap/trace.o
  AR      lib/zlib_inflate/built-in.a
  CC      lib/zlib_deflate/deflate.o
  CC      net/core/datagram.o
  CC      kernel/rcu/tree.o
  CC      arch/x86/kernel/smpboot.o
  CC      kernel/irq/affinity.o
  CC      mm/page_io.o
  CC      drivers/pci/pci-acpi.o
  CC      fs/iomap/iter.o
  CC      lib/zlib_deflate/deftree.o
  CC      kernel/irq/matrix.o
  CC      lib/zlib_deflate/deflate_syms.o
  CC      fs/iomap/buffered-io.o
  CC      arch/x86/kernel/tsc_sync.o
  CC      mm/swap_state.o
  CC      drivers/pci/iomap.o
  AR      lib/zlib_deflate/built-in.a
  CC      lib/lzo/lzo1x_decompress_safe.o
  CC      net/core/stream.o
  AR      kernel/irq/built-in.a
  CC      drivers/pci/quirks.o
  CC      arch/x86/kernel/setup_percpu.o
  AR      lib/lzo/built-in.a
  CC      lib/lz4/lz4_decompress.o
  CC      net/core/scm.o
  CC      arch/x86/kernel/mpparse.o
  CC      net/ethernet/eth.o
  CC      mm/swapfile.o
  CC      fs/iomap/direct-io.o
  CC      kernel/rcu/rcu_segcblist.o
  AR      kernel/rcu/built-in.a
  CC      kernel/dma/mapping.o
  CC      net/core/gen_stats.o
  CC      arch/x86/kernel/apic/apic.o
  AR      lib/lz4/built-in.a
  CC      lib/zstd/zstd_decompress_module.o
  CC      drivers/pci/pci-label.o
  CC      fs/iomap/ioend.o
  CC      lib/zstd/decompress/huf_decompress.o
  AR      net/ethernet/built-in.a
  AR      fs/quota/built-in.a
  CC      kernel/dma/direct.o
  CC      arch/x86/kernel/apic/apic_common.o
  CC      net/core/gen_estimator.o
  CC      drivers/pci/vgaarb.o
  CC      fs/iomap/fiemap.o
  CC      mm/dmapool.o
  CC      arch/x86/kernel/apic/apic_noop.o
  CC      net/core/net_namespace.o
  CC      kernel/dma/swiotlb.o
  CC      fs/iomap/seek.o
  CC      kernel/entry/common.o
  CC      arch/x86/kernel/apic/ipi.o
  CC      mm/sparse.o
  AR      drivers/pci/built-in.a
  CC      drivers/acpi/tables.o
  CC      arch/x86/kernel/apic/vector.o
  CC      fs/iomap/bio.o
  CC      kernel/dma/remap.o
  CC      net/core/secure_seq.o
  CC      kernel/entry/syscall-common.o
  CC      mm/sparse-vmemmap.o
  CC      lib/zstd/decompress/zstd_ddict.o
  CC      lib/zstd/decompress/zstd_decompress.o
  CC      drivers/acpi/osi.o
  CC      fs/iomap/swapfile.o
  AR      kernel/dma/built-in.a
  CC      kernel/unwind/user.o
  CC      kernel/entry/syscall_user_dispatch.o
  CC      arch/x86/kernel/apic/init.o
  CC      kernel/unwind/deferred.o
  CC      mm/early_ioremap.o
  CC      drivers/acpi/osl.o
  CC      lib/zstd/decompress/zstd_decompress_block.o
  CC      net/core/flow_dissector.o
  AR      fs/iomap/built-in.a
  CC      fs/proc/task_mmu.o
  CC      arch/x86/kernel/apic/hw_nmi.o
  AR      kernel/entry/built-in.a
  AR      kernel/unwind/built-in.a
  CC      kernel/module/main.o
  CC      drivers/pnp/core.o
  CC      mm/execmem.o
  CC      arch/x86/kernel/apic/io_apic.o
  CC      drivers/pnp/card.o
  CC      drivers/acpi/utils.o
  AR      mm/built-in.a
  CC      lib/xz/xz_dec_syms.o
  CC      fs/proc/inode.o
  CC      net/core/sysctl_net_core.o
  CC      drivers/pnp/driver.o
  CC      lib/xz/xz_dec_stream.o
  CC      drivers/acpi/reboot.o
  CC      arch/x86/kernel/apic/msi.o
  CC      kernel/module/strict_rwx.o
  CC      lib/xz/xz_dec_lzma2.o
  CC      drivers/pnp/resource.o
  CC      fs/proc/root.o
  CC      lib/zstd/zstd_common_module.o
  CC      drivers/acpi/nvs.o
  CC      lib/zstd/common/debug.o
  CC      lib/zstd/common/entropy_common.o
  CC      kernel/module/kmod.o
  CC      arch/x86/kernel/apic/apic_flat_64.o
  CC      net/core/dev.o
  CC      lib/xz/xz_dec_bcj.o
  CC      drivers/acpi/wakeup.o
  CC      lib/zstd/common/error_private.o
  CC      fs/proc/base.o
  CC      lib/zstd/common/fse_decompress.o
  CC      arch/x86/kernel/apic/probe_64.o
  CC      drivers/pnp/manager.o
  CC      lib/zstd/common/zstd_common.o
  CC      kernel/module/tree_lookup.o
  AR      lib/zstd/built-in.a
  CC      drivers/acpi/sleep.o
  AR      lib/xz/built-in.a
  CC      lib/percpu_counter.o
  CC      lib/syscall.o
  AR      arch/x86/kernel/apic/built-in.a
  CC      arch/x86/kernel/trace_clock.o
  CC      drivers/pnp/support.o
  AR      arch/x86/kernel/kprobes/built-in.a
  CC      arch/x86/kernel/module.o
  CC      kernel/module/procfs.o
  CC      lib/nlattr.o
  CC      fs/kernfs/mount.o
  CC      drivers/pnp/interface.o
  CC      drivers/acpi/device_sysfs.o
  CC      arch/x86/kernel/hpet.o
  CC      kernel/module/sysfs.o
  CC      fs/proc/generic.o
  CC      drivers/acpi/device_pm.o
  CC      drivers/pnp/quirks.o
  CC      lib/cpu_rmap.o
  AR      kernel/module/built-in.a
  CC      fs/kernfs/inode.o
  CC      kernel/time/time.o
  CC      arch/x86/kernel/amd_nb.o
  CC      fs/proc/array.o
  CC      lib/dynamic_queue_limits.o
  CC      drivers/acpi/bus.o
  CC      drivers/pnp/system.o
  CC      arch/x86/kernel/amd_node.o
  CC      fs/kernfs/dir.o
  CC      kernel/time/timer.o
  CC      drivers/pnp/pnpacpi/core.o
  CC      arch/x86/kernel/perf_regs.o
  CC      lib/dim/dim.o
  CC      fs/proc/fd.o
  CC      drivers/acpi/glue.o
  CC      lib/dim/net_dim.o
  CC      drivers/pnp/pnpacpi/rsparser.o
  CC      arch/x86/kernel/itmt.o
  CC      kernel/time/hrtimer.o
  CC      fs/proc/proc_tty.o
  CC      fs/kernfs/file.o
  CC      drivers/acpi/scan.o
  CC      arch/x86/kernel/unwind_guess.o
  CC      lib/dim/rdma_dim.o
  AR      drivers/pnp/pnpacpi/built-in.a
  AR      drivers/pnp/built-in.a
  CC      lib/strncpy_from_user.o
  CC      fs/proc/cmdline.o
  AR      lib/dim/built-in.a
  CC      fs/sysfs/file.o
  CC      net/core/dev_api.o
  CC      arch/x86/kernel/cet.o
  CC      fs/kernfs/symlink.o
  CC      kernel/time/sleep_timeout.o
  CC      lib/strnlen_user.o
  CC      fs/proc/consoles.o
  CC      kernel/time/timekeeping.o
  CC      fs/sysfs/dir.o
  CC      drivers/acpi/mipi-disco-img.o
  CC      arch/x86/kernel/mmconf-fam10h_64.o
  CC      fs/proc/cpuinfo.o
  CC      lib/net_utils.o
  AR      fs/kernfs/built-in.a
  CC      net/sched/sch_generic.o
  CC      net/core/dev_addr_lists.o
  CC      fs/proc/devices.o
  CC      fs/sysfs/symlink.o
  CC      drivers/acpi/resource.o
  CC      arch/x86/kernel/vsmp_64.o
  CC      lib/sg_pool.o
  CC      fs/proc/loadavg.o
  LDS     arch/x86/kernel/vmlinux.lds
  AR      arch/x86/kernel/built-in.a
  CC      fs/sysfs/mount.o
  CC      lib/fonts/fonts.o
  AR      arch/x86/built-in.a
  CC      drivers/acpi/acpi_processor.o
  CC      kernel/time/ntp.o
  CC      lib/ucs2_string.o
  CC      net/core/dst.o
  CC      fs/proc/meminfo.o
  CC      lib/fonts/font_8x8.o
  CC      net/sched/sch_mq.o
  CC      lib/fonts/font_8x16.o
  CC      fs/sysfs/group.o
  AR      lib/fonts/built-in.a
  CC      lib/sbitmap.o
  CC      kernel/time/clocksource.o
  CC      drivers/acpi/processor_core.o
  CC      fs/devpts/inode.o
  CC      fs/proc/stat.o
  CC      net/core/netevent.o
  AR      fs/sysfs/built-in.a
  CC      drivers/acpi/processor_pdc.o
  CC      net/sched/sch_frag.o
  CC      net/netlink/af_netlink.o
  CC      lib/group_cpus.o
  CC      kernel/time/jiffies.o
  AR      fs/devpts/built-in.a
  CC      fs/proc/uptime.o
  CC      arch/x86/pci/i386.o
  CC      drivers/acpi/ec.o
  CC      kernel/time/timer_list.o
  CC      net/core/neighbour.o
  CC      lib/fw_table.o
  CC      fs/proc/util.o
  AR      net/sched/built-in.a
  CC      arch/x86/video/video-common.o
  CC      arch/x86/pci/init.o
  CC      kernel/time/timeconv.o
  AR      lib/lib.a
  CC      fs/proc/version.o
  AR      lib/built-in.a
  CC      kernel/dma.o
  CC      kernel/time/timecounter.o
  CC      kernel/time/alarmtimer.o
  CC      arch/x86/pci/mmconfig_64.o
  CC      drivers/acpi/pci_root.o
  AR      arch/x86/video/built-in.a
  CC      fs/ext4/balloc.o
  CC      fs/proc/softirqs.o
  CC      net/netlink/genetlink.o
  CC      drivers/virtio/virtio.o
  CC      kernel/time/posix-stubs.o
  CC      arch/x86/pci/direct.o
  CC      fs/proc/namespaces.o
  CC      drivers/acpi/pci_link.o
  CC      kernel/time/clockevents.o
  CC      drivers/virtio/virtio_ring.o
  CC      arch/x86/pci/mmconfig-shared.o
  CC      fs/ext4/bitmap.o
  CC      fs/proc/self.o
  CC      net/core/rtnetlink.o
  CC      drivers/acpi/pci_irq.o
  CC      kernel/time/tick-common.o
  CC      net/netlink/policy.o
  CC      fs/proc/thread_self.o
  CC      fs/ext4/block_validity.o
  CC      arch/x86/pci/fixup.o
  CC      drivers/acpi/acpi_apd.o
  CC      fs/proc/proc_sysctl.o
  CC      kernel/time/tick-broadcast.o
  CC      drivers/acpi/acpi_platform.o
  AR      net/netlink/built-in.a
  CC      fs/ext4/dir.o
  CC      fs/jbd2/transaction.o
  CC      drivers/virtio/virtio_anchor.o
  CC      arch/x86/pci/acpi.o
  CC      kernel/time/vsyscall.o
  CC      drivers/acpi/acpi_pnp.o
  CC      drivers/virtio/virtio_pci_modern_dev.o
  AR      kernel/time/built-in.a
  CC      kernel/smp.o
  CC      drivers/acpi/power.o
  CC      arch/x86/pci/legacy.o
  CC      fs/ext4/ext4_jbd2.o
  CC      fs/proc/proc_net.o
  CC      fs/jbd2/commit.o
  CC      drivers/acpi/event.o
  CC      arch/x86/pci/irq.o
  CC      drivers/virtio/virtio_pci_legacy_dev.o
  CC      kernel/stop_machine.o
  CC      fs/ext4/extents.o
  CC      fs/proc/page.o
  CC      drivers/virtio/virtio_pci_modern.o
  CC      net/core/utils.o
  CC      fs/jbd2/recovery.o
  CC      drivers/acpi/evged.o
  AR      fs/proc/built-in.a
  CC      fs/ramfs/inode.o
  CC      kernel/utsname_sysctl.o
  CC      kernel/irq_work.o
  CC      arch/x86/pci/common.o
  CC      drivers/acpi/sysfs.o
  CC      drivers/virtio/virtio_pci_common.o
  CC      fs/jbd2/checkpoint.o
  CC      fs/ramfs/file-mmu.o
  CC      kernel/bpf/core.o
  CC      net/core/link_watch.o
  CC      drivers/acpi/property.o
  CC      arch/x86/pci/early.o
  CC      fs/jbd2/revoke.o
  AR      fs/ramfs/built-in.a
  CC      fs/ext4/extents_status.o
  CC      drivers/virtio/virtio_pci_legacy.o
  CC      arch/x86/pci/bus_numa.o
  CC      net/core/filter.o
  CC      fs/ext4/file.o
  CC      drivers/acpi/acpi_lpat.o
  CC      fs/jbd2/journal.o
  CC      drivers/virtio/virtio_pci_admin_legacy_io.o
  CC      arch/x86/pci/amd_bus.o
  CC      drivers/acpi/acpi_lpit.o
  AR      kernel/bpf/built-in.a
  CC      kernel/static_call.o
  AR      drivers/virtio/built-in.a
  CC      kernel/static_call_inline.o
  CC      fs/nls/nls_base.o
  CC      fs/ext4/fsmap.o
  CC      drivers/acpi/prmt.o
  AR      arch/x86/pci/built-in.a
  CC      drivers/tty/tty_io.o
  CC      net/ethtool/ioctl.o
  AR      fs/nls/built-in.a
  CC      net/ethtool/common.o
  CC      kernel/events/core.o
  AR      fs/jbd2/built-in.a
  CC      drivers/char/mem.o
  CC      drivers/acpi/acpi_pcc.o
  CC      fs/ext4/fsync.o
  CC      drivers/acpi/acpi_mrrm.o
  CC      drivers/char/random.o
  CC      net/core/sock_diag.o
  CC      drivers/tty/n_tty.o
  CC      fs/ext4/hash.o
  CC      drivers/acpi/acpica/dsargs.o
  CC      net/ethtool/netlink.o
  CC      drivers/acpi/acpica/dscontrol.o
  CC      drivers/char/misc.o
  CC      fs/ext4/ialloc.o
  CC      drivers/acpi/acpica/dsdebug.o
  CC      net/ipv4/route.o
  CC      drivers/tty/tty_ioctl.o
  AR      drivers/char/agp/built-in.a
  AR      drivers/char/built-in.a
  AR      drivers/iommu/built-in.a
  CC      kernel/context_tracking.o
  CC      drivers/acpi/acpica/dsfield.o
  CC      net/ethtool/bitset.o
  CC      fs/ext4/indirect.o
  CC      kernel/iomem.o
  CC      drivers/tty/tty_ldisc.o
  CC      drivers/acpi/acpica/dsinit.o
  CC      net/core/dev_ioctl.o
  CC      drivers/acpi/acpica/dsmethod.o
  CC      drivers/acpi/ac.o
  CC      drivers/tty/tty_buffer.o
  CC      drivers/acpi/acpica/dsmthdat.o
  CC      net/ethtool/strset.o
  CC      drivers/acpi/button.o
  CC      fs/ext4/inline.o
  CC      net/ipv4/inetpeer.o
  CC      drivers/acpi/acpica/dsobject.o
  CC      drivers/tty/tty_port.o
  CC      net/core/tso.o
  CC      drivers/acpi/fan_core.o
  CC      drivers/acpi/acpica/dsopcode.o
  CC      kernel/events/ring_buffer.o
  CC      net/ethtool/linkinfo.o
  CC      drivers/tty/tty_mutex.o
  CC      net/ipv4/protocol.o
  CC      drivers/acpi/acpica/dspkginit.o
  CC      fs/ext4/inode.o
  CC      drivers/acpi/fan_attr.o
  CC      net/core/sock_reuseport.o
  CC      drivers/tty/tty_ldsem.o
  CC      drivers/acpi/acpica/dsutils.o
  CC      net/ethtool/linkmodes.o
  CC      net/ipv6/af_inet6.o
  CC      kernel/events/callchain.o
  CC      net/ipv4/ip_input.o
  CC      drivers/acpi/acpica/dswexec.o
  CC      drivers/tty/tty_baudrate.o
  CC      drivers/acpi/acpica/dswload.o
  CC      net/ethtool/rss.o
  CC      kernel/events/hw_breakpoint.o
  CC      net/core/fib_notifier.o
  CC      drivers/acpi/acpica/dswload2.o
  CC      drivers/tty/tty_jobctrl.o
  CC      drivers/acpi/acpica/dswscope.o
  CC      net/ipv6/anycast.o
  CC      net/ipv4/ip_fragment.o
  CC      drivers/tty/n_null.o
  CC      net/core/xdp.o
  CC      drivers/acpi/acpica/dswstate.o
  AR      kernel/events/built-in.a
  AR      kernel/built-in.a
  CC      net/ipv4/ip_forward.o
  CC      net/ethtool/linkstate.o
  CC      drivers/tty/pty.o
  CC      drivers/acpi/acpica/evevent.o
  CC      fs/ext4/ioctl.o
  CC      drivers/acpi/acpica/evgpe.o
  CC      net/ipv6/ip6_output.o
  CC      net/core/flow_offload.o
  CC      drivers/tty/vt/vt_ioctl.o
  CC      net/ethtool/debug.o
  CC      drivers/acpi/acpica/evgpeblk.o
  CC      net/core/gro.o
  CC      net/ipv4/ip_options.o
  CC      drivers/acpi/acpica/evgpeinit.o
  CC      net/ethtool/wol.o
  CC      net/core/netdev-genl.o
  CC      fs/ext4/mballoc.o
  CC      drivers/tty/vt/vc_screen.o
  CC      drivers/acpi/acpica/evgpeutil.o
  CC      net/ipv4/ip_output.o
  CC      drivers/acpi/acpica/evglock.o
  CC      net/core/netdev-genl-gen.o
  CC      net/ethtool/features.o
  CC      drivers/acpi/acpica/evhandler.o
  CC      drivers/tty/vt/selection.o
  CC      net/ipv6/ip6_input.o
  CC      drivers/acpi/acpica/evmisc.o
  CC      net/core/netdev_work.o
  CC      net/ipv6/addrconf.o
  CC      drivers/tty/vt/keyboard.o
  CC      drivers/acpi/acpica/evregion.o
  CC      net/ethtool/privflags.o
  CC      net/core/gso.o
  CC      drivers/acpi/acpica/evrgnini.o
  CC      net/ipv4/ip_sockglue.o
  CC      fs/ext4/migrate.o
  CC      drivers/acpi/acpica/evsci.o
  CC      net/ethtool/rings.o
  CC      drivers/tty/vt/vt.o
  CC      net/core/net-sysfs.o
  CC      net/ethtool/channels.o
  CC      drivers/acpi/acpica/evxface.o
  CC      fs/ext4/mmp.o
  CC      drivers/acpi/acpica/evxfevnt.o
  CC      drivers/acpi/processor_driver.o
  CC      net/ipv4/inet_hashtables.o
  CC      net/ethtool/coalesce.o
  CC      drivers/acpi/acpica/evxfgpe.o
  CC      fs/ext4/move_extent.o
  CC      drivers/acpi/processor_thermal.o
  CC      drivers/acpi/acpica/evxfregn.o
  CC      drivers/tty/serial/serial_core.o
  CC      fs/ext4/namei.o
  CC      net/core/hotdata.o
  CC      net/ethtool/pause.o
  CC      drivers/tty/vt/defkeymap.o
  CC      drivers/acpi/acpica/exconcat.o
  CC      net/ipv6/addrlabel.o
  CC      drivers/tty/vt/consolemap.o
  CC      drivers/acpi/acpica/exconfig.o
  CC      net/core/netdev_config.o
  CC      drivers/acpi/acpica/exconvrt.o
  CC      net/ethtool/eee.o
  CC      net/ipv4/inet_timewait_sock.o
  HOSTCC  drivers/tty/vt/conmakehash
  CC      net/ipv6/route.o
  CC      drivers/acpi/acpica/excreate.o
  CC      net/core/netdev_rx_queue.o
  CC      drivers/tty/serial/serial_base_bus.o
  CC      fs/ext4/page-io.o
  CC      drivers/acpi/acpica/exdebug.o
  CC      net/ethtool/tsinfo.o
  CC      net/ipv4/inet_connection_sock.o
  CC      drivers/acpi/acpica/exdump.o
  CC      drivers/tty/vt/ucs.o
  CC      drivers/tty/serial/serial_ctrl.o
  CONMK   drivers/tty/vt/consolemap_deftbl.c
  CC      drivers/tty/vt/consolemap_deftbl.o
  AR      drivers/tty/vt/built-in.a
  CC      drivers/tty/serial/serial_port.o
  CC      net/core/netdev_queues.o
  CC      fs/ext4/readpage.o
  CC      drivers/acpi/acpica/exfield.o
  CC      drivers/tty/serial/earlycon.o
  CC      net/ethtool/cabletest.o
  CC      drivers/acpi/acpica/exfldio.o
  CC      drivers/tty/serial/8250/8250_core.o
  CC      fs/ext4/resize.o
  CC      net/core/net-procfs.o
  CC      drivers/acpi/acpica/exmisc.o
  AR      drivers/gpu/drm/display/built-in.a
  AR      drivers/gpu/drm/built-in.a
  AR      drivers/gpu/built-in.a
  CC      net/ipv4/tcp.o
  CC      drivers/tty/serial/8250/8250_platform.o
  CC      drivers/acpi/acpica/exmutex.o
  CC      net/ethtool/tunnels.o
  CC      net/core/dst_cache.o
  CC      net/ipv6/ip6_fib.o
  CC      drivers/acpi/acpica/exnames.o
  CC      drivers/tty/serial/8250/8250_pnp.o
  CC      net/core/gro_cells.o
  CC      drivers/acpi/acpica/exoparg1.o
  CC      fs/ext4/super.o
  CC      net/ethtool/fec.o
  CC      fs/pstore/inode.o
  CC      drivers/acpi/acpica/exoparg2.o
  CC      drivers/tty/serial/8250/8250_port.o
  AR      net/core/built-in.a
  AR      net/wireless/built-in.a
  CC      fs/pstore/platform.o
  CC      drivers/acpi/acpica/exoparg3.o
  CC      drivers/acpi/processor_idle.o
  CC      net/ipv6/ipv6_sockglue.o
  CC      net/ethtool/eeprom.o
  CC      drivers/acpi/acpica/exoparg6.o
  AR      fs/pstore/built-in.a
  CC [M]  fs/efivarfs/inode.o
  CC      drivers/acpi/acpica/exprep.o
  CC      drivers/tty/serial/8250/8250_dwlib.o
  CC      drivers/acpi/acpica/exregion.o
  CC      net/ipv4/tcp_input.o
  CC [M]  fs/efivarfs/file.o
  CC      net/ethtool/stats.o
  CC      drivers/acpi/processor_throttling.o
  CC      drivers/tty/serial/8250/8250_pcilib.o
  CC      drivers/acpi/acpica/exresnte.o
  CC [M]  fs/efivarfs/super.o
  CC      drivers/acpi/acpica/exresolv.o
  CC      fs/ext4/symlink.o
  CC      net/ipv6/ndisc.o
  CC      drivers/tty/serial/8250/8250_early.o
  CC      drivers/acpi/processor_perflib.o
  CC      net/ethtool/phc_vclocks.o
  CC      drivers/acpi/acpica/exresop.o
  CC      drivers/tty/serial/8250/8250_exar.o
  CC [M]  fs/efivarfs/vars.o
  CC      fs/ext4/sysfs.o
  CC      drivers/acpi/acpica/exserial.o
  CC      drivers/acpi/container.o
  CC      net/ethtool/mm.o
  CC      drivers/acpi/acpica/exstore.o
  CC      drivers/acpi/thermal_lib.o
  LD [M]  fs/efivarfs/efivarfs.o
  CC      drivers/base/component.o
  CC      drivers/acpi/acpica/exstoren.o
  CC      fs/ext4/xattr.o
  CC      drivers/tty/serial/8250/8250_lpss.o
  CC      drivers/base/core.o
  CC      net/ipv6/udp.o
  CC      drivers/acpi/acpica/exstorob.o
  CC      net/ethtool/module.o
  CC      drivers/base/bus.o
  CC      drivers/acpi/acpica/exsystem.o
  CC      drivers/tty/serial/8250/8250_mid.o
  CC      drivers/acpi/acpica/extrace.o
  CC      drivers/base/dd.o
  CC      net/ethtool/cmis_fw_update.o
  CC      drivers/tty/serial/8250/8250_pci.o
  CC      net/ipv4/tcp_output.o
  CC      drivers/acpi/acpica/exutils.o
  CC      fs/ext4/xattr_hurd.o
  CC      drivers/acpi/acpica/hwacpi.o
  CC      drivers/base/syscore.o
  CC      net/ipv6/raw.o
  CC      net/sysctl_net.o
  CC      drivers/acpi/acpica/hwesleep.o
  CC      net/ethtool/cmis_cdb.o
  CC      fs/ext4/xattr_trusted.o
  CC      drivers/tty/serial/8250/8250_pericom.o
  CC      drivers/acpi/acpica/hwgpe.o
  CC      drivers/base/driver.o
  CC      drivers/acpi/acpica/hwregs.o
  CC      fs/ext4/xattr_user.o
  CC      net/ethtool/pse-pd.o
  CC      drivers/base/class.o
  CC      drivers/block/brd.o
  AR      drivers/tty/serial/8250/built-in.a
  AR      drivers/tty/serial/built-in.a
  AR      drivers/tty/built-in.a
  CC      drivers/base/platform.o
  CC      drivers/acpi/acpica/hwsleep.o
  CC      net/ipv6/icmp.o
  CC      fs/ext4/fast_commit.o
  CC      drivers/acpi/acpica/hwvalid.o
  CC      drivers/base/cpu.o
  CC      drivers/acpi/acpica/hwxface.o
  CC      drivers/block/virtio_blk.o
  CC      net/ethtool/plca.o
  CC      net/ipv4/tcp_timer.o
  CC      fs/ext4/orphan.o
  CC      drivers/acpi/acpica/hwxfsleep.o
  CC      drivers/base/firmware.o
  CC      drivers/acpi/acpica/hwpci.o
  CC      drivers/base/init.o
  CC      net/ipv6/mcast.o
  CC      net/ipv4/tcp_ipv4.o
  AR      drivers/block/built-in.a
  CC      drivers/acpi/acpica/nsaccess.o
  CC      drivers/acpi/thermal.o
  AR      fs/ext4/built-in.a
  AR      fs/built-in.a
  CC      net/ethtool/phy.o
  CC      drivers/acpi/acpica/nsalloc.o
  CC      drivers/base/map.o
  CC      net/ipv4/tcp_minisocks.o
  CC      drivers/acpi/acpica/nsarguments.o
  CC      drivers/base/devres.o
  CC      drivers/acpi/platform_profile.o
  CC      net/ipv6/reassembly.o
  CC      drivers/acpi/acpica/nsconvert.o
  CC      net/ethtool/tsconfig.o
  CC      drivers/acpi/acpica/nsdump.o
  CC      drivers/base/attribute_container.o
  CC      net/ipv4/tcp_cong.o
  CC      drivers/acpi/acpica/nseval.o
  CC      drivers/base/transport_class.o
  CC      drivers/acpi/acpi_memhotplug.o
  CC      drivers/misc/eeprom/eeprom_93cx6.o
  CC      net/ethtool/mse.o
  CC      drivers/acpi/acpica/nsinit.o
  CC      net/ipv6/tcp_ipv6.o
  CC      drivers/base/topology.o
  CC      drivers/base/container.o
  CC      net/ipv6/ping.o
  AR      drivers/misc/eeprom/built-in.a
  CC      drivers/base/property.o
  CC      drivers/misc/mei/init.o
  CC      drivers/acpi/acpica/nsload.o
  CC      net/ipv4/tcp_metrics.o
  CC      drivers/acpi/acpica/nsnames.o
  CC      net/ipv6/exthdrs.o
  AR      net/ethtool/built-in.a
  CC      drivers/base/cacheinfo.o
  CC      drivers/misc/mei/hbm.o
  CC      drivers/acpi/acpica/nsobject.o
  CC      net/ipv6/datagram.o
  CC      drivers/base/swnode.o
  CC      drivers/acpi/ioapic.o
  CC      drivers/acpi/acpica/nsparse.o
  CC      drivers/misc/mei/interrupt.o
  CC      net/ipv4/tcp_fastopen.o
  CC      net/ipv6/ip6_flowlabel.o
  CC      drivers/acpi/acpica/nspredef.o
  CC      drivers/acpi/battery.o
  CC      drivers/base/faux.o
  CC      net/ipv6/inet6_connection_sock.o
  CC      drivers/acpi/acpica/nsprepkg.o
  CC      drivers/misc/mei/client.o
  CC      net/ipv6/udp_offload.o
  CC      drivers/base/auxiliary.o
  CC      drivers/acpi/acpica/nsrepair.o
  CC      net/ipv6/seg6.o
  CC      drivers/base/devtmpfs.o
  CC      drivers/acpi/acpica/nsrepair2.o
  CC      drivers/acpi/cppc_acpi.o
  CC      net/ipv4/tcp_recovery.o
  CC      net/ipv6/fib6_notifier.o
  CC      drivers/acpi/acpica/nssearch.o
  CC      drivers/acpi/spcr.o
  CC      drivers/misc/mei/main.o
  AR      drivers/base/power/built-in.a
  CC      drivers/base/firmware_loader/builtin/main.o
  CC      drivers/acpi/acpica/nsutils.o
  CC      net/ipv4/tcp_ulp.o
  AR      drivers/base/firmware_loader/builtin/built-in.a
  AR      drivers/base/firmware_loader/built-in.a
  CC      net/ipv6/rpl.o
  CC      drivers/base/module.o
  CC      drivers/acpi/apei/apei-base.o
  CC      drivers/acpi/acpica/nswalk.o
  CC      drivers/misc/mei/dma-ring.o
  CC      drivers/base/auxiliary_sysfs.o
  CC      drivers/acpi/acpica/nsxfeval.o
  CC      drivers/acpi/apei/hest.o
  CC      net/ipv6/ioam6.o
  CC      drivers/misc/mei/bus.o
  CC      drivers/base/platform-msi.o
  CC      drivers/base/physical_location.o
  CC      net/ipv4/tcp_offload.o
  CC      drivers/acpi/acpica/nsxfname.o
  CC      net/ipv6/sysctl_net_ipv6.o
  CC      drivers/acpi/apei/erst.o
  AR      drivers/macintosh/built-in.a
  CC      drivers/misc/mei/bus-fixup.o
  AR      drivers/base/built-in.a
  CC      drivers/acpi/acpica/nsxfobj.o
  AR      drivers/scsi/built-in.a
  CC      drivers/acpi/apei/bert.o
  CC      drivers/acpi/acpica/psargs.o
  CC      drivers/acpi/x86/apple.o
  CC      drivers/misc/mei/pci-me.o
  CC      net/ipv4/tcp_plb.o
  CC      drivers/nvme/host/core.o
  CC      net/ipv6/proc.o
  AR      drivers/acpi/apei/built-in.a
  CC      drivers/misc/mei/hw-me.o
  CC      drivers/net/loopback.o
  CC      drivers/acpi/acpica/psloop.o
  CC      drivers/acpi/x86/cmos_rtc.o
  AR      drivers/net/phy/built-in.a
  CC      net/ipv6/addrconf_core.o
  CC      drivers/acpi/acpica/psobject.o
  CC      drivers/acpi/x86/lpss.o
  AR      drivers/misc/mei/built-in.a
  CC      net/ipv4/datagram.o
  AR      drivers/misc/built-in.a
  AR      drivers/net/mdio/built-in.a
  CC      drivers/acpi/x86/s2idle.o
  AR      drivers/net/built-in.a
  CC      drivers/acpi/acpica/psopcode.o
  CC      drivers/acpi/acpica/psopinfo.o
  CC      net/ipv4/raw.o
  CC      drivers/acpi/acpica/psparse.o
  CC      drivers/nvme/host/ioctl.o
  CC      net/ipv6/exthdrs_core.o
  AR      drivers/firewire/built-in.a
  CC      net/ipv4/udp.o
  CC      drivers/acpi/x86/utils.o
  CC      drivers/acpi/acpica/psscope.o
  AR      drivers/cdrom/built-in.a
  CC      drivers/nvme/host/sysfs.o
  CC      drivers/acpi/acpica/pstree.o
  CC      drivers/nvme/host/pr.o
  CC      drivers/acpi/x86/blacklist.o
  CC      drivers/acpi/acpica/psutils.o
  CC      net/ipv6/ip6_checksum.o
  CC      drivers/acpi/acpica/pswalk.o
  AR      drivers/acpi/x86/built-in.a
  CC      net/ipv4/udp_offload.o
  AR      drivers/usb/built-in.a
  CC      drivers/nvme/host/pci.o
  CC      net/ipv6/ip6_icmp.o
  CC      drivers/acpi/acpica/psxface.o
  CC      net/ipv4/arp.o
  CC      drivers/input/serio/serio.o
  CC      drivers/acpi/acpica/rsaddr.o
  CC      net/ipv4/icmp.o
  CC      net/ipv6/output_core.o
  CC      drivers/acpi/acpica/rscalc.o
  CC      drivers/input/serio/i8042.o
  CC      net/ipv4/devinet.o
  CC      drivers/acpi/acpica/rscreate.o
  CC      drivers/input/input.o
  CC      net/ipv6/protocol.o
  CC      drivers/acpi/acpica/rsdumpinfo.o
  CC      net/ipv4/af_inet.o
  AR      drivers/nvme/host/built-in.a
  AR      drivers/nvme/built-in.a
  CC      drivers/rtc/lib.o
  CC      drivers/input/serio/serport.o
  CC      drivers/acpi/acpica/rsinfo.o
  CC      drivers/input/input-compat.o
  CC      drivers/acpi/acpica/rsio.o
  CC      drivers/rtc/rtc-mc146818-lib.o
  CC      net/ipv6/ip6_offload.o
  CC      drivers/input/input-mt.o
  CC      drivers/acpi/acpica/rsirq.o
  CC      drivers/input/serio/libps2.o
  CC      drivers/input/input-poller.o
  CC      drivers/acpi/acpica/rslist.o
  AR      drivers/rtc/built-in.a
  CC      net/ipv4/igmp.o
  AR      drivers/i2c/algos/built-in.a
  AR      drivers/i2c/busses/built-in.a
  AR      drivers/i2c/built-in.a
  CC      net/ipv6/exthdrs_offload.o
  CC      drivers/acpi/acpica/rsmemory.o
  AR      drivers/input/serio/built-in.a
  AR      drivers/ptp/built-in.a
  CC      drivers/input/ff-core.o
  CC      net/ipv6/inet6_hashtables.o
  CC      drivers/acpi/acpica/rsmisc.o
  CC      drivers/acpi/acpica/rsserial.o
  CC      drivers/power/supply/power_supply_core.o
  CC      drivers/acpi/acpica/rsutils.o
  CC      drivers/input/touchscreen.o
  CC      drivers/power/supply/power_supply_sysfs.o
  CC      drivers/acpi/acpica/rsxface.o
  CC      drivers/acpi/acpica/tbdata.o
  CC      drivers/acpi/acpica/tbfadt.o
  CC      drivers/input/touch-overlay.o
  CC      net/ipv6/mcast_snoop.o
  CC      drivers/input/vivaldi-fmap.o
  CC      net/ipv4/fib_frontend.o
  CC      drivers/acpi/acpica/tbfind.o
  AR      drivers/power/supply/built-in.a
  AR      drivers/power/built-in.a
  CC      drivers/thermal/thermal_core.o
  CC      drivers/acpi/acpica/tbinstal.o
  CC      drivers/cpufreq/cpufreq.o
  CC      net/ipv4/fib_semantics.o
  CC      drivers/input/keyboard/atkbd.o
  CC      net/ipv4/fib_trie.o
  CC      drivers/acpi/acpica/tbprint.o
  CC [M]  net/ipv6/sit.o
  CC      drivers/acpi/acpica/tbutils.o
  CC      drivers/thermal/thermal_sysfs.o
  CC      drivers/acpi/acpica/tbxface.o
  AR      drivers/input/keyboard/built-in.a
  CC      drivers/input/mouse/psmouse-base.o
  CC      net/ipv4/fib_notifier.o
  CC      drivers/acpi/acpica/tbxfload.o
  CC      drivers/thermal/thermal_trip.o
  CC      drivers/cpufreq/freq_table.o
  CC      drivers/acpi/acpica/tbxfroot.o
  CC      net/ipv4/inet_fragment.o
  CC      drivers/thermal/thermal_helpers.o
  CC      drivers/input/mouse/synaptics.o
  AR      net/ipv6/built-in.a
  CC      net/ipv4/ping.o
  CC      drivers/cpuidle/cpuidle.o
  CC      drivers/thermal/thermal_thresholds.o
  CC      drivers/cpufreq/cpufreq_performance.o
  CC      drivers/acpi/acpica/utaddress.o
  CC      drivers/input/mouse/focaltech.o
  CC      drivers/cpufreq/cpufreq_governor_attr_set.o
  CC      drivers/thermal/thermal_netlink.o
  CC      drivers/acpi/acpica/utalloc.o
  CC      drivers/input/mouse/alps.o
  CC      drivers/cpuidle/driver.o
  CC      drivers/acpi/acpica/utascii.o
  CC      drivers/cpufreq/amd-pstate.o
  CC      drivers/input/mouse/byd.o
  CC      net/ipv4/ip_tunnel_core.o
  CC      drivers/cpuidle/governor.o
  CC      drivers/acpi/acpica/utbuffer.o
  CC      net/ipv4/gre_offload.o
  CC      drivers/cpuidle/sysfs.o
  CC      drivers/cpuidle/governors/ladder.o
  CC      drivers/thermal/gov_step_wise.o
  CC      drivers/acpi/acpica/utcksum.o
  CC      drivers/acpi/acpica/utcopy.o
  AR      drivers/cpuidle/governors/built-in.a
  CC      drivers/cpuidle/poll_state.o
  CC      drivers/thermal/intel/intel_tcc.o
  CC      drivers/cpufreq/amd-pstate-trace.o
  CC      drivers/input/mouse/logips2pp.o
  AR      drivers/cpuidle/built-in.a
  CC      drivers/cpufreq/intel_pstate.o
  CC      drivers/thermal/intel/therm_throt.o
  CC      drivers/firmware/efi/efi.o
  CC      drivers/acpi/acpica/utexcep.o
  CC      net/ipv4/metrics.o
  CC      drivers/firmware/efi/vars.o
  CC      drivers/input/mouse/trackpoint.o
  CC      drivers/acpi/acpica/utdebug.o
  CC      drivers/clocksource/acpi_pm.o
  CC      drivers/input/mouse/cypress_ps2.o
  CC      drivers/acpi/acpica/utdecode.o
  CC      net/ipv4/netlink.o
  CC [M]  drivers/thermal/intel/x86_pkg_temp_thermal.o
  CC      drivers/firmware/efi/reboot.o
  CC      drivers/clocksource/i8253.o
  CC      drivers/hid/hid-core.o
  CC      drivers/acpi/acpica/utdelete.o
  AR      drivers/clocksource/built-in.a
  CC      drivers/firmware/efi/memattr.o
  AR      drivers/thermal/intel/built-in.a
  AR      drivers/input/mouse/built-in.a
  AR      drivers/input/built-in.a
  CC      net/ipv4/nexthop.o
  CC      drivers/acpi/acpica/uterror.o
  AR      drivers/thermal/built-in.a
  CC      drivers/firmware/efi/tpm.o
  AR      drivers/cpufreq/built-in.a
  CC      drivers/acpi/acpica/uteval.o
  CC      net/ipv4/udp_tunnel_stub.o
  CC      drivers/acpi/acpica/utglobal.o
  CC      net/ipv4/sysctl_net_ipv4.o
  CC      drivers/acpi/acpica/uthex.o
  CC      drivers/hid/hid-input.o
  CC      drivers/firmware/efi/memmap.o
  CC      drivers/acpi/acpica/utids.o
  AR      drivers/platform/x86/built-in.a
  AR      drivers/platform/built-in.a
  CC      net/ipv4/proc.o
  CC      drivers/hid/hid-quirks.o
  CC      drivers/acpi/acpica/utinit.o
  CC      net/ipv4/inet_diag.o
  CC      drivers/firmware/efi/esrt.o
  CC      drivers/mailbox/mailbox.o
  CC      drivers/acpi/acpica/utlock.o
  CC      drivers/firmware/efi/efi-pstore.o
  CC      drivers/acpi/acpica/utmath.o
  CC      drivers/firmware/efi/cper.o
  CC      drivers/mailbox/pcc.o
  CC      drivers/hid/hid-generic.o
  CC      drivers/acpi/acpica/utmisc.o
  CC      drivers/firmware/efi/cper_cxl.o
  CC      net/ipv4/tcp_diag.o
  CC      drivers/firmware/efi/runtime-wrappers.o
  CC      drivers/acpi/acpica/utmutex.o
  CC      net/ipv4/tcp_cubic.o
  AR      drivers/mailbox/built-in.a
  CC      drivers/firmware/efi/earlycon.o
  CC      drivers/acpi/acpica/utnonansi.o
  AR      drivers/hid/built-in.a
  CC [M]  net/ipv4/ip_tunnel.o
  CC      drivers/acpi/acpica/utobject.o
  CC      drivers/firmware/efi/cper-x86.o
  CC      drivers/acpi/acpica/utosi.o
  CC      drivers/firmware/efi/libstub/alignedmem.o
  CC [M]  net/ipv4/tunnel4.o
  CC      drivers/acpi/acpica/utownerid.o
  CC      drivers/firmware/efi/libstub/efi-stub-helper.o
  AR      drivers/firmware/efi/built-in.a
  CC      drivers/acpi/acpica/utpredef.o
  CC      drivers/firmware/efi/libstub/file.o
  AR      net/ipv4/built-in.a
  CC      drivers/acpi/acpica/utresdecode.o
  CC      drivers/firmware/efi/libstub/gop.o
  CC      drivers/acpi/acpica/utresrc.o
  CC      drivers/firmware/efi/libstub/lib-cmdline.o
  CC      drivers/acpi/acpica/utstate.o
  CC      drivers/firmware/efi/libstub/lib-ctype.o
  CC      drivers/firmware/efi/libstub/mem.o
  CC      drivers/acpi/acpica/utstring.o
  CC      drivers/acpi/acpica/utstrsuppt.o
  CC      drivers/firmware/efi/libstub/pci.o
  CC      drivers/acpi/acpica/utstrtoul64.o
  CC      drivers/acpi/acpica/utxface.o
  AR      net/built-in.a
  CC      drivers/acpi/acpica/utxfinit.o
  CC      drivers/firmware/efi/libstub/printk.o
  CC      drivers/acpi/acpica/utxferror.o
  CC      drivers/firmware/efi/libstub/random.o
  CC      drivers/acpi/acpica/utxfmutex.o
  CC      drivers/firmware/efi/libstub/randomalloc.o
  CC      drivers/firmware/efi/libstub/secureboot.o
  CC      drivers/firmware/efi/libstub/skip_spaces.o
  CC      drivers/firmware/efi/libstub/smbios.o
  CC      drivers/firmware/efi/libstub/tpm.o
  CC      drivers/firmware/efi/libstub/vsprintf.o
  AR      drivers/acpi/acpica/built-in.a
  AR      drivers/acpi/built-in.a
  CC      drivers/firmware/efi/libstub/x86-5lvl.o
  CC      drivers/firmware/efi/libstub/x86-stub.o
  STUBCPY drivers/firmware/efi/libstub/alignedmem.stub.o
  STUBCPY drivers/firmware/efi/libstub/efi-stub-helper.stub.o
  STUBCPY drivers/firmware/efi/libstub/file.stub.o
  STUBCPY drivers/firmware/efi/libstub/gop.stub.o
  STUBCPY drivers/firmware/efi/libstub/lib-cmdline.stub.o
  STUBCPY drivers/firmware/efi/libstub/lib-ctype.stub.o
  STUBCPY drivers/firmware/efi/libstub/mem.stub.o
  STUBCPY drivers/firmware/efi/libstub/pci.stub.o
  STUBCPY drivers/firmware/efi/libstub/printk.stub.o
  STUBCPY drivers/firmware/efi/libstub/random.stub.o
  STUBCPY drivers/firmware/efi/libstub/randomalloc.stub.o
  STUBCPY drivers/firmware/efi/libstub/secureboot.stub.o
  STUBCPY drivers/firmware/efi/libstub/skip_spaces.stub.o
  STUBCPY drivers/firmware/efi/libstub/vsprintf.stub.o
  STUBCPY drivers/firmware/efi/libstub/smbios.stub.o
  STUBCPY drivers/firmware/efi/libstub/x86-5lvl.stub.o
  STUBCPY drivers/firmware/efi/libstub/tpm.stub.o
  STUBCPY drivers/firmware/efi/libstub/x86-stub.stub.o
  AR      drivers/firmware/efi/libstub/lib.a
  AR      drivers/firmware/built-in.a
  AR      drivers/built-in.a
  AR      built-in.a
  AR      built-in-fixup.a
  COPY    vmlinux.a
  LD      vmlinux.o
  MODPOST Module.symvers
  CC      .vmlinux.export.o
  CC [M]  fs/efivarfs/efivarfs.mod.o
  CC [M]  .module-common.o
  CC [M]  drivers/thermal/intel/x86_pkg_temp_thermal.mod.o
  CC [M]  net/ipv4/ip_tunnel.mod.o
  CC [M]  net/ipv4/tunnel4.mod.o
  CC [M]  net/ipv6/sit.mod.o
  LD [M]  fs/efivarfs/efivarfs.ko
  LD [M]  net/ipv6/sit.ko
  LD [M]  drivers/thermal/intel/x86_pkg_temp_thermal.ko
  LD [M]  net/ipv4/ip_tunnel.ko
  LD [M]  net/ipv4/tunnel4.ko
  UPD     include/generated/utsversion.h
  CC      init/version-timestamp.o
  LD      vmlinux.unstripped
  NM      System.map
  SORTTAB vmlinux.unstripped
  OBJCOPY vmlinux
  GEN     modules.builtin.modinfo
  GEN     modules.builtin
  CC      arch/x86/boot/a20.o
  AS      arch/x86/boot/bioscall.o
  CC      arch/x86/boot/cmdline.o
  AS      arch/x86/boot/copy.o
  HOSTCC  arch/x86/boot/mkcpustr
  CC      arch/x86/boot/cpuflags.o
  CC      arch/x86/boot/cpucheck.o
  CC      arch/x86/boot/early_serial_console.o
  CC      arch/x86/boot/edd.o
  CC      arch/x86/boot/main.o
  CC      arch/x86/boot/memory.o
  CC      arch/x86/boot/pm.o
  AS      arch/x86/boot/pmjump.o
  CC      arch/x86/boot/printf.o
  CC      arch/x86/boot/regs.o
  CC      arch/x86/boot/string.o
  CC      arch/x86/boot/tty.o
  CC      arch/x86/boot/video.o
  CC      arch/x86/boot/video-mode.o
  LDS     arch/x86/boot/compressed/vmlinux.lds
  CC      arch/x86/boot/version.o
  AS      arch/x86/boot/compressed/kernel_info.o
  CC      arch/x86/boot/video-vga.o
  AS      arch/x86/boot/compressed/head_64.o
  CC      arch/x86/boot/video-vesa.o
  VOFFSET arch/x86/boot/compressed/../voffset.h
  CC      arch/x86/boot/video-bios.o
  CC      arch/x86/boot/compressed/string.o
  CC      arch/x86/boot/compressed/cmdline.o
  CC      arch/x86/boot/compressed/error.o
  OBJCOPY arch/x86/boot/compressed/vmlinux.bin
  RELOCS  arch/x86/boot/compressed/vmlinux.relocs
  HOSTCC  arch/x86/boot/compressed/mkpiggy
  CC      arch/x86/boot/compressed/cpuflags.o
  CC      arch/x86/boot/compressed/kaslr.o
  CC      arch/x86/boot/compressed/ident_map_64.o
  CC      arch/x86/boot/compressed/idt_64.o
  AS      arch/x86/boot/compressed/idt_handlers_64.o
  CC      arch/x86/boot/compressed/pgtable_64.o
  CC      arch/x86/boot/compressed/acpi.o
  CC      arch/x86/boot/compressed/efi.o
  CC      arch/x86/boot/compressed/misc.o
  CPUSTR  arch/x86/boot/cpustr.h
  CC      arch/x86/boot/cpu.o
  XZKERN  arch/x86/boot/compressed/vmlinux.bin.xz
  MKPIGGY arch/x86/boot/compressed/piggy.S
  AS      arch/x86/boot/compressed/piggy.o
  LD      arch/x86/boot/compressed/vmlinux
  ZOFFSET arch/x86/boot/zoffset.h
  OBJCOPY arch/x86/boot/vmlinux.bin
  AS      arch/x86/boot/header.o
  LD      arch/x86/boot/setup.elf
  OBJCOPY arch/x86/boot/setup.bin
  BUILD   arch/x86/boot/bzImage
Kernel: arch/x86/boot/bzImage is ready  (#4)
